// Jest Snapshot v1, https://goo.gl/fbAQLP

exports[`App render test should render correctly 1`] = `
<div>
  <div
    class="flex justify-center"
  >
    <header
      class="flex flex-col items-center"
    >
      <img
        alt="logo"
        class="w-40 h-40"
        src="logo.svg"
      />
      <p>
        Edit 
        <code>
          src/App.tsx
        </code>
         and save to reload.
      </p>
      <a
        class="App-link"
        href="https://reactjs.org"
        rel="noopener noreferrer"
        target="_blank"
      >
        Learn React
      </a>
    </header>
  </div>
</div>
`;
